duration,protocol_type,service,flag,src_bytes,dst_bytes,land,wrong_fragment,urgent,hot,num_failed_logins,logged_in,num_compromised,root_shell,su_attempted,num_root,num_file_creations,num_shells,num_access_files,num_outbound_cmds,is_host_login,is_guest_login,count,srv_count,serror_rate,srv_serror_rate,rerror_rate,srv_rerror_rate,same_srv_rate,diff_srv_rate,srv_diff_host_rate,dst_host_count,dst_host_srv_count,dst_host_same_srv_rate,dst_host_diff_srv_rate,dst_host_same_src_port_rate,dst_host_srv_diff_host_rate,dst_host_serror_rate,dst_host_srv_serror_rate,dst_host_rerror_rate,dst_host_srv_rerror_rate
39,tcp,http,SF,4693,3462,0,0,0,0,0,1,0,0,0,0,2,0,1,0,0,0,38,16,0.02,0.04,0.05,0.01,0.85,0.08,0.05,254,100,0.91,0.03,0.09,0.04,0.05,0.04,0.01,0.05
29,tcp,http,SF,4812,7528,0,0,0,2,0,0,0,0,0,0,2,0,0,0,0,0,19,15,0.05,0.05,0.03,0.04,0.97,0.08,0.09,162,100,0.93,0.05,0.02,0.08,0.03,0.01,0.03,0.02
21,udp,smtp,SF,4327,6499,0,0,0,1,0,1,0,0,0,0,0,0,3,0,0,0,30,47,0.02,0.02,0.0,0.03,0.87,0.04,0.03,203,155,0.85,0.03,0.03,0.03,0.04,0.0,0.03,0.0
7,tcp,http,SF,3106,3818,0,0,0,1,0,0,0,0,0,0,1,0,1,0,0,0,19,15,0.03,0.02,0.02,0.04,0.97,0.08,0.03,167,166,0.98,0.08,0.03,0.01,0.01,0.0,0.01,0.02
99,tcp,smtp,SF,309,4969,0,0,0,2,0,0,0,0,0,0,1,0,3,0,0,0,21,26,0.04,0.02,0.01,0.01,0.99,0.02,0.09,230,189,0.87,0.07,0.08,0.07,0.01,0.01,0.02,0.05
93,udp,http,SF,1057,6532,0,0,0,2,0,1,0,0,0,0,0,0,0,0,0,0,43,27,0.04,0.01,0.03,0.0,0.94,0.09,0.06,227,181,0.83,0.03,0.03,0.07,0.04,0.03,0.05,0.03
41,tcp,https,SF,1715,4840,0,0,0,0,0,0,0,0,0,0,2,0,3,0,0,0,25,21,0.03,0.03,0.04,0.04,0.94,0.04,0.03,183,149,0.92,0.0,0.04,0.07,0.0,0.01,0.02,0.03
45,udp,smtp,SF,2597,2582,0,0,0,0,0,0,0,0,0,0,1,0,1,0,0,0,13,22,0.03,0.0,0.02,0.02,0.97,0.02,0.09,142,209,0.87,0.04,0.07,0.09,0.02,0.05,0.02,0.03
74,tcp,http,SF,1949,7215,0,0,0,1,0,0,0,0,0,0,0,0,3,0,0,0,7,2,0.03,0.05,0.0,0.02,0.94,0.01,0.0,133,177,0.81,0.04,0.05,0.04,0.03,0.03,0.04,0.01
58,udp,ftp_data,SF,542,3663,0,0,0,2,0,1,0,0,0,0,0,0,2,0,0,0,28,44,0.04,0.04,0.03,0.01,0.82,0.04,0.01,193,231,0.81,0.09,0.02,0.08,0.01,0.04,0.03,0.04
19,tcp,smtp,SF,4662,1935,0,0,0,1,0,0,0,0,0,0,0,0,1,0,0,0,35,48,0.04,0.01,0.01,0.01,0.88,0.09,0.05,171,189,0.91,0.08,0.08,0.03,0.02,0.02,0.03,0.02
9,udp,smtp,SF,4739,1258,0,0,0,1,0,0,0,0,0,0,2,0,2,0,0,0,20,48,0.01,0.01,0.02,0.03,0.84,0.02,0.06,107,231,0.89,0.03,0.0,0.05,0.04,0.04,0.04,0.04
99,udp,ftp_data,SF,1976,4482,0,0,0,2,0,0,0,0,0,0,2,0,1,0,0,0,43,27,0.02,0.03,0.05,0.01,0.97,0.04,0.06,167,100,0.93,0.05,0.02,0.05,0.04,0.0,0.02,0.03
51,udp,ftp_data,SF,4439,4135,0,0,0,0,0,1,0,0,0,0,2,0,3,0,0,0,47,27,0.03,0.02,0.05,0.02,0.96,0.09,0.06,203,218,0.84,0.02,0.07,0.03,0.01,0.03,0.02,0.04
40,tcp,smtp,SF,2875,4167,0,0,0,2,0,0,0,0,0,0,2,0,2,0,0,0,27,35,0.05,0.01,0.0,0.05,0.98,0.06,0.1,158,120,0.97,0.08,0.06,0.07,0.04,0.04,0.04,0.03
85,tcp,http,SF,564,2420,0,0,0,0,0,1,0,0,0,0,0,0,2,0,0,0,18,12,0.04,0.03,0.02,0.05,0.85,0.0,0.05,172,225,0.94,0.09,0.08,0.01,0.02,0.0,0.03,0.01
98,tcp,smtp,SF,2441,6288,0,0,0,1,0,1,0,0,0,0,2,0,1,0,0,0,3,39,0.0,0.04,0.05,0.0,0.84,0.02,0.01,137,195,0.87,0.06,0.02,0.01,0.02,0.03,0.0,0.02
75,udp,http,SF,2226,6334,0,0,0,2,0,0,0,0,0,0,1,0,1,0,0,0,25,26,0.05,0.05,0.01,0.02,0.84,0.02,0.07,254,117,0.8,0.05,0.02,0.07,0.01,0.01,0.03,0.03
40,tcp,https,SF,3722,5890,0,0,0,0,0,1,0,0,0,0,1,0,0,0,0,0,37,40,0.04,0.02,0.02,0.04,0.93,0.01,0.01,254,203,0.89,0.03,0.06,0.07,0.04,0.01,0.04,0.04
77,tcp,smtp,SF,2047,6140,0,0,0,2,0,1,0,0,0,0,2,0,3,0,0,0,4,16,0.02,0.02,0.02,0.05,0.95,0.05,0.09,162,170,1.0,0.03,0.09,0.0,0.04,0.01,0.01,0.03
72,tcp,ftp_data,SF,2059,7911,0,0,0,1,0,0,0,0,0,0,1,0,1,0,0,0,36,5,0.01,0.02,0.01,0.03,0.81,0.07,0.09,188,222,0.99,0.05,0.06,0.05,0.0,0.03,0.01,0.02
64,tcp,ftp_data,SF,3346,2494,0,0,0,2,0,0,0,0,0,0,0,0,1,0,0,0,43,17,0.05,0.01,0.01,0.01,0.9,0.06,0.05,212,195,0.9,0.08,0.07,0.07,0.01,0.01,0.02,0.01
37,tcp,ftp_data,SF,3198,4949,0,0,0,2,0,0,0,0,0,0,0,0,2,0,0,0,32,24,0.01,0.0,0.01,0.03,0.88,0.05,0.04,212,148,0.86,0.0,0.09,0.02,0.04,0.02,0.03,0.04
68,tcp,smtp,SF,2163,220,0,0,0,2,0,0,0,0,0,0,2,0,1,0,0,0,23,18,0.03,0.01,0.04,0.01,0.83,0.08,0.04,247,143,0.85,0.09,0.09,0.09,0.03,0.04,0.03,0.01
15,udp,https,SF,4157,2727,0,0,0,2,0,0,0,0,0,0,0,0,0,0,0,0,9,25,0.02,0.02,0.02,0.05,0.88,0.04,0.03,188,111,0.9,0.01,0.08,0.04,0.03,0.04,0.0,0.04
85,tcp,http,SF,1646,981,0,0,0,1,0,1,0,0,0,0,1,0,1,0,0,0,17,40,0.04,0.05,0.01,0.03,0.9,0.09,0.09,172,196,0.87,0.06,0.02,0.04,0.05,0.01,0.01,0.04
12,tcp,https,SF,1696,7389,0,0,0,1,0,0,0,0,0,0,0,0,3,0,0,0,6,17,0.03,0.05,0.03,0.04,1.0,0.01,0.04,172,124,0.9,0.07,0.1,0.06,0.05,0.0,0.01,0.02
20,udp,ftp_data,SF,2938,104,0,0,0,1,0,1,0,0,0,0,1,0,1,0,0,0,40,44,0.0,0.02,0.04,0.01,0.83,0.08,0.06,130,140,0.9,0.1,0.01,0.08,0.0,0.03,0.03,0.03
33,tcp,https,SF,1351,6747,0,0,0,1,0,1,0,0,0,0,0,0,2,0,0,0,20,6,0.04,0.04,0.02,0.02,0.87,0.02,0.1,223,170,0.88,0.03,0.08,0.05,0.05,0.02,0.04,0.0
54,udp,http,SF,3200,7108,0,0,0,2,0,0,0,0,0,0,2,0,0,0,0,0,17,32,0.01,0.04,0.02,0.04,0.91,0.05,0.0,244,238,0.89,0.03,0.07,0.02,0.03,0.02,0.02,0.01
8,tcp,https,SF,2753,3827,0,0,0,2,0,1,0,0,0,0,2,0,0,0,0,0,30,8,0.04,0.04,0.01,0.03,0.82,0.03,0.02,252,201,0.94,0.01,0.03,0.08,0.02,0.04,0.01,0.03
49,tcp,smtp,SF,867,7424,0,0,0,0,0,0,0,0,0,0,1,0,3,0,0,0,7,39,0.04,0.02,0.0,0.0,0.98,0.07,0.07,220,170,0.82,0.03,0.06,0.07,0.0,0.03,0.0,0.05
60,udp,smtp,SF,3185,4277,0,0,0,1,0,1,0,0,0,0,1,0,2,0,0,0,7,39,0.0,0.0,0.03,0.03,0.98,0.05,0.09,207,169,0.92,0.06,0.02,0.09,0.04,0.02,0.02,0.03
78,udp,http,SF,2994,3271,0,0,0,0,0,0,0,0,0,0,1,0,2,0,0,0,36,17,0.04,0.02,0.02,0.02,0.81,0.03,0.08,152,135,1.0,0.1,0.0,0.08,0.03,0.03,0.0,0.01
97,tcp,http,SF,1664,3570,0,0,0,1,0,0,0,0,0,0,0,0,3,0,0,0,21,11,0.03,0.03,0.01,0.04,0.95,0.03,0.1,203,248,0.8,0.0,0.1,0.08,0.04,0.02,0.03,0.02
89,udp,https,SF,2882,7336,0,0,0,0,0,1,0,0,0,0,1,0,2,0,0,0,7,49,0.01,0.03,0.01,0.03,0.91,0.05,0.08,200,237,0.95,0.09,0.04,0.05,0.03,0.0,0.02,0.04
67,tcp,ftp_data,SF,3112,5813,0,0,0,2,0,1,0,0,0,0,0,0,0,0,0,0,27,12,0.02,0.01,0.01,0.02,0.97,0.05,0.09,172,245,0.91,0.07,0.01,0.08,0.01,0.0,0.02,0.0
1,udp,https,SF,2419,1041,0,0,0,0,0,0,0,0,0,0,0,0,0,0,0,0,45,33,0.04,0.01,0.04,0.02,0.96,0.05,0.09,145,226,0.81,0.02,0.03,0.05,0.05,0.03,0.01,0.02
36,tcp,ftp_data,SF,4134,2586,0,0,0,1,0,1,0,0,0,0,1,0,1,0,0,0,34,37,0.04,0.01,0.04,0.03,0.98,0.06,0.03,124,143,0.88,0.09,0.1,0.02,0.0,0.04,0.02,0.02
82,udp,https,SF,2126,3424,0,0,0,0,0,0,0,0,0,0,1,0,1,0,0,0,36,9,0.04,0.01,0.03,0.01,0.87,0.05,0.0,233,184,0.81,0.06,0.02,0.06,0.01,0.02,0.02,0.05
56,tcp,smtp,SF,3930,2349,0,0,0,1,0,0,0,0,0,0,2,0,0,0,0,0,17,41,0.01,0.01,0.02,0.03,0.95,0.03,0.08,157,145,0.96,0.02,0.05,0.06,0.01,0.03,0.02,0.02
99,tcp,ftp_data,SF,1909,932,0,0,0,1,0,1,0,0,0,0,0,0,1,0,0,0,31,1,0.01,0.01,0.0,0.02,0.84,0.06,0.01,100,185,0.96,0.03,0.1,0.05,0.04,0.02,0.03,0.02
89,udp,https,SF,555,5427,0,0,0,1,0,1,0,0,0,0,2,0,3,0,0,0,21,13,0.0,0.01,0.01,0.03,0.99,0.1,0.07,196,195,0.87,0.04,0.01,0.06,0.0,0.05,0.05,0.02
52,tcp,ftp_data,SF,405,3776,0,0,0,1,0,1,0,0,0,0,2,0,2,0,0,0,34,5,0.04,0.0,0.02,0.01,0.83,0.0,0.02,137,190,0.88,0.0,0.03,0.02,0.02,0.04,0.04,0.04
64,udp,smtp,SF,1381,6994,0,0,0,2,0,0,0,0,0,0,1,0,2,0,0,0,16,37,0.0,0.04,0.01,0.01,0.85,0.02,0.03,132,155,0.87,0.05,0.01,0.07,0.03,0.04,0.03,0.01
15,tcp,http,SF,1866,1373,0,0,0,1,0,0,0,0,0,0,0,0,0,0,0,0,23,26,0.02,0.01,0.01,0.04,0.83,0.04,0.0,134,145,0.99,0.08,0.03,0.04,0.01,0.03,0.02,0.03
15,tcp,ftp_data,SF,3965,7178,0,0,0,2,0,0,0,0,0,0,0,0,2,0,0,0,3,39,0.03,0.04,0.03,0.03,0.89,0.08,0.05,106,182,1.0,0.05,0.04,0.04,0.03,0.04,0.02,0.0
10,udp,ftp_data,SF,1642,1107,0,0,0,0,0,1,0,0,0,0,2,0,2,0,0,0,50,3,0.04,0.01,0.03,0.01,0.87,0.08,0.03,214,187,0.99,0.08,0.06,0.05,0.05,0.04,0.02,0.04
82,udp,https,SF,2830,1776,0,0,0,0,0,0,0,0,0,0,2,0,0,0,0,0,15,22,0.02,0.01,0.02,0.04,0.96,0.03,0.09,189,127,0.96,0.01,0.03,0.08,0.05,0.0,0.03,0.03
82,udp,smtp,SF,1659,4744,0,0,0,1,0,1,0,0,0,0,2,0,0,0,0,0,30,47,0.01,0.04,0.02,0.04,0.88,0.05,0.02,124,219,0.84,0.06,0.04,0.06,0.03,0.03,0.04,0.03
15,udp,https,SF,1936,6384,0,0,0,0,0,0,0,0,0,0,1,0,3,0,0,0,39,16,0.03,0.01,0.03,0.01,0.85,0.06,0.05,176,208,0.85,0.03,0.05,0.03,0.05,0.01,0.01,0.04
74,tcp,http,SF,659,6925,0,0,0,1,0,0,0,0,0,0,0,0,1,0,0,0,13,7,0.0,0.01,0.02,0.0,0.99,0.0,0.05,232,136,0.98,0.1,0.05,0.07,0.01,0.04,0.05,0.03
73,tcp,https,SF,1164,5459,0,0,0,2,0,0,0,0,0,0,0,0,0,0,0,0,38,26,0.04,0.03,0.04,0.0,0.97,0.05,0.02,115,146,0.83,0.04,0.02,0.02,0.02,0.02,0.05,0.04
25,tcp,ftp_data,SF,2390,2019,0,0,0,2,0,1,0,0,0,0,0,0,2,0,0,0,21,26,0.01,0.01,0.02,0.02,0.84,0.06,0.07,146,169,0.89,0.1,0.04,0.09,0.01,0.04,0.04,0.0
96,udp,smtp,SF,4790,3705,0,0,0,2,0,0,0,0,0,0,2,0,3,0,0,0,38,27,0.02,0.03,0.03,0.0,0.99,0.05,0.05,229,137,0.81,0.03,0.08,0.02,0.02,0.0,0.02,0.04
2,udp,http,SF,604,4666,0,0,0,0,0,1,0,0,0,0,2,0,2,0,0,0,31,28,0.04,0.03,0.03,0.01,0.86,0.01,0.02,252,168,0.85,0.02,0.04,0.04,0.04,0.02,0.05,0.04
25,tcp,ftp_data,SF,4717,4860,0,0,0,0,0,1,0,0,0,0,2,0,2,0,0,0,25,40,0.02,0.0,0.03,0.0,0.81,0.02,0.02,168,198,0.96,0.01,0.02,0.04,0.04,0.02,0.01,0.02
13,tcp,ftp_data,SF,3997,6653,0,0,0,1,0,0,0,0,0,0,0,0,2,0,0,0,49,36,0.03,0.04,0.04,0.02,0.86,0.0,0.08,137,236,0.84,0.04,0.09,0.05,0.03,0.05,0.03,0.02
81,tcp,https,SF,600,1101,0,0,0,0,0,0,0,0,0,0,2,0,3,0,0,0,16,33,0.04,0.0,0.03,0.03,0.88,0.07,0.05,243,172,0.81,0.08,0.09,0.1,0.02,0.01,0.02,0.03
67,udp,http,SF,2674,2436,0,0,0,0,0,0,0,0,0,0,2,0,3,0,0,0,18,43,0.02,0.03,0.01,0.01,0.91,0.04,0.05,185,118,0.83,0.1,0.04,0.07,0.04,0.05,0.02,0.01
91,tcp,https,SF,4040,4958,0,0,0,1,0,0,0,0,0,0,0,0,1,0,0,0,1,11,0.04,0.01,0.02,0.01,0.87,0.05,0.1,189,172,0.84,0.06,0.04,0.08,0.01,0.05,0.02,0.04
47,udp,https,SF,261,2081,0,0,0,0,0,1,0,0,0,0,2,0,1,0,0,0,12,49,0.02,0.05,0.01,0.03,0.96,0.01,0.09,236,226,0.96,0.07,0.09,0.09,0.03,0.04,0.03,0.03
31,tcp,ftp_data,SF,616,7305,0,0,0,2,0,0,0,0,0,0,0,0,3,0,0,0,36,28,0.04,0.04,0.05,0.05,0.88,0.06,0.06,144,116,0.94,0.03,0.07,0.09,0.02,0.02,0.02,0.02
94,tcp,https,SF,3991,3034,0,0,0,0,0,0,0,0,0,0,2,0,1,0,0,0,10,11,0.03,0.01,0.02,0.0,0.95,0.01,0.04,224,255,0.86,0.08,0.01,0.03,0.05,0.04,0.04,0.01
12,tcp,http,SF,3525,1099,0,0,0,0,0,1,0,0,0,0,0,0,0,0,0,0,18,45,0.01,0.01,0.01,0.02,0.82,0.09,0.01,242,165,0.91,0.09,0.1,0.1,0.05,0.05,0.02,0.01
15,tcp,ftp_data,SF,1661,6922,0,0,0,2,0,0,0,0,0,0,1,0,2,0,0,0,27,21,0.05,0.01,0.02,0.02,0.98,0.09,0.06,110,216,0.95,0.04,0.09,0.06,0.03,0.05,0.03,0.01
37,tcp,https,SF,867,952,0,0,0,2,0,1,0,0,0,0,1,0,0,0,0,0,39,42,0.02,0.04,0.01,0.02,0.9,0.05,0.03,203,249,1.0,0.02,0.06,0.04,0.01,0.02,0.0,0.02
2,tcp,https,SF,3118,7602,0,0,0,1,0,1,0,0,0,0,2,0,2,0,0,0,9,7,0.0,0.02,0.03,0.02,0.95,0.06,0.05,171,148,0.93,0.0,0.05,0.05,0.01,0.0,0.03,0.05
45,tcp,smtp,SF,3828,704,0,0,0,1,0,1,0,0,0,0,1,0,0,0,0,0,2,27,0.04,0.03,0.02,0.04,0.83,0.1,0.09,175,234,0.92,0.08,0.03,0.0,0.0,0.02,0.04,0.04
31,tcp,smtp,SF,886,4101,0,0,0,2,0,1,0,0,0,0,0,0,2,0,0,0,50,9,0.04,0.01,0.01,0.02,0.88,0.09,0.06,134,175,0.83,0.06,0.04,0.09,0.01,0.01,0.03,0.01
46,udp,ftp_data,SF,632,3606,0,0,0,1,0,1,0,0,0,0,1,0,0,0,0,0,9,8,0.0,0.01,0.02,0.03,0.9,0.0,0.0,185,132,0.83,0.01,0.07,0.01,0.02,0.03,0.02,0.04
65,tcp,http,SF,4977,6358,0,0,0,1,0,1,0,0,0,0,0,0,1,0,0,0,10,31,0.0,0.03,0.03,0.0,0.88,0.01,0.07,197,162,0.87,0.07,0.05,0.07,0.03,0.05,0.04,0.04
32,udp,http,SF,3322,1145,0,0,0,0,0,0,0,0,0,0,1,0,3,0,0,0,4,8,0.0,0.01,0.04,0.02,0.91,0.01,0.04,230,184,0.9,0.0,0.1,0.08,0.02,0.03,0.04,0.04
83,tcp,smtp,SF,4113,2056,0,0,0,2,0,0,0,0,0,0,2,0,1,0,0,0,8,1,0.04,0.04,0.02,0.04,0.89,0.01,0.01,127,150,0.96,0.03,0.05,0.02,0.01,0.02,0.05,0.02
17,tcp,https,SF,631,4150,0,0,0,0,0,1,0,0,0,0,1,0,3,0,0,0,11,34,0.01,0.01,0.03,0.0,0.81,0.05,0.0,192,204,0.94,0.09,0.09,0.08,0.02,0.04,0.03,0.03
67,udp,http,SF,3442,2370,0,0,0,0,0,0,0,0,0,0,2,0,1,0,0,0,15,45,0.04,0.01,0.05,0.01,0.92,0.07,0.04,195,134,0.85,0.09,0.07,0.05,0.03,0.01,0.01,0.0
50,tcp,http,SF,4777,4800,0,0,0,0,0,0,0,0,0,0,2,0,1,0,0,0,39,48,0.03,0.04,0.02,0.0,0.91,0.04,0.01,217,118,0.99,0.0,0.0,0.08,0.01,0.0,0.01,0.05
83,udp,http,SF,2513,523,0,0,0,2,0,1,0,0,0,0,2,0,0,0,0,0,48,38,0.05,0.01,0.04,0.01,0.94,0.01,0.02,181,148,0.94,0.02,0.04,0.02,0.04,0.0,0.05,0.04
6,tcp,ftp_data,SF,1158,6036,0,0,0,0,0,1,0,0,0,0,1,0,2,0,0,0,32,21,0.02,0.01,0.01,0.01,0.92,0.05,0.1,176,127,0.96,0.09,0.08,0.05,0.04,0.01,0.03,0.03
96,udp,https,SF,3977,2611,0,0,0,2,0,1,0,0,0,0,2,0,0,0,0,0,29,6,0.04,0.02,0.04,0.02,0.9,0.07,0.02,111,163,0.81,0.09,0.05,0.05,0.01,0.03,0.05,0.0
47,tcp,https,SF,1177,1409,0,0,0,0,0,0,0,0,0,0,0,0,0,0,0,0,8,37,0.01,0.01,0.01,0.0,0.92,0.04,0.06,221,134,1.0,0.09,0.04,0.09,0.02,0.04,0.03,0.03
13,udp,https,SF,1851,7910,0,0,0,0,0,1,0,0,0,0,1,0,1,0,0,0,15,37,0.03,0.04,0.02,0.05,0.84,0.04,0.05,103,195,0.82,0.09,0.04,0.03,0.04,0.0,0.04,0.01
57,tcp,http,SF,4362,7466,0,0,0,2,0,1,0,0,0,0,2,0,3,0,0,0,3,33,0.01,0.05,0.01,0.03,0.88,0.1,0.09,184,226,0.81,0.07,0.07,0.07,0.03,0.01,0.03,0.03
73,udp,http,SF,2864,4248,0,0,0,0,0,1,0,0,0,0,1,0,1,0,0,0,44,32,0.01,0.03,0.01,0.02,0.94,0.0,0.09,101,103,0.89,0.0,0.04,0.04,0.02,0.02,0.03,0.02
39,udp,smtp,SF,2508,1310,0,0,0,1,0,0,0,0,0,0,0,0,0,0,0,0,20,15,0.01,0.04,0.05,0.03,0.98,0.02,0.06,227,185,0.89,0.03,0.01,0.06,0.04,0.01,0.01,0.02
52,udp,smtp,SF,988,4747,0,0,0,0,0,0,0,0,0,0,1,0,3,0,0,0,14,32,0.03,0.04,0.02,0.01,0.8,0.04,0.03,119,188,0.99,0.01,0.06,0.07,0.05,0.02,0.04,0.01
9,udp,https,SF,2697,6476,0,0,0,0,0,1,0,0,0,0,2,0,2,0,0,0,11,30,0.04,0.01,0.04,0.02,0.84,0.02,0.05,167,130,0.83,0.0,0.06,0.08,0.0,0.03,0.02,0.04
44,tcp,ftp_data,SF,2302,1677,0,0,0,2,0,0,0,0,0,0,1,0,0,0,0,0,29,30,0.02,0.02,0.0,0.03,0.91,0.05,0.05,116,216,0.97,0.04,0.04,0.09,0.01,0.03,0.05,0.01
38,udp,https,SF,1321,6587,0,0,0,0,0,1,0,0,0,0,0,0,0,0,0,0,25,6,0.01,0.01,0.01,0.04,0.94,0.06,0.01,253,135,0.93,0.05,0.05,0.04,0.05,0.04,0.0,0.03
16,tcp,smtp,SF,172,5836,0,0,0,0,0,1,0,0,0,0,0,0,1,0,0,0,15,11,0.01,0.02,0.01,0.03,0.93,0.01,0.02,217,150,0.91,0.07,0.09,0.07,0.03,0.0,0.02,0.03
35,tcp,ftp_data,SF,2088,6343,0,0,0,2,0,0,0,0,0,0,1,0,2,0,0,0,47,17,0.05,0.02,0.05,0.03,0.93,0.04,0.04,200,221,1.0,0.04,0.09,0.09,0.03,0.02,0.04,0.0
51,udp,http,SF,1820,3485,0,0,0,1,0,1,0,0,0,0,0,0,2,0,0,0,32,31,0.04,0.04,0.02,0.0,0.93,0.04,0.07,142,252,0.96,0.04,0.1,0.1,0.03,0.02,0.02,0.02
27,tcp,https,SF,3341,7094,0,0,0,2,0,0,0,0,0,0,0,0,3,0,0,0,24,7,0.02,0.04,0.05,0.01,0.82,0.09,0.04,169,125,0.92,0.08,0.07,0.05,0.0,0.04,0.04,0.03
16,tcp,smtp,SF,3154,6722,0,0,0,0,0,1,0,0,0,0,0,0,1,0,0,0,16,22,0.05,0.05,0.03,0.0,0.81,0.09,0.02,209,225,0.95,0.05,0.03,0.07,0.01,0.05,0.01,0.02
76,tcp,https,SF,1446,3264,0,0,0,0,0,1,0,0,0,0,0,0,0,0,0,0,27,30,0.03,0.01,0.03,0.02,0.82,0.01,0.03,188,227,0.92,0.07,0.1,0.09,0.04,0.01,0.0,0.01
40,udp,smtp,SF,240,6100,0,0,0,2,0,0,0,0,0,0,1,0,2,0,0,0,43,33,0.04,0.03,0.02,0.02,0.93,0.04,0.03,219,151,0.81,0.0,0.09,0.1,0.02,0.01,0.04,0.05
51,udp,smtp,SF,172,7801,0,0,0,1,0,0,0,0,0,0,0,0,1,0,0,0,43,46,0.0,0.04,0.02,0.0,0.88,0.01,0.1,187,211,0.88,0.06,0.09,0.05,0.04,0.04,0.02,0.02
95,tcp,http,SF,1802,3124,0,0,0,0,0,1,0,0,0,0,2,0,0,0,0,0,44,32,0.01,0.04,0.03,0.02,0.84,0.01,0.02,111,183,0.96,0.02,0.07,0.09,0.04,0.02,0.04,0.0
15,tcp,ftp_data,SF,4668,3105,0,0,0,2,0,0,0,0,0,0,2,0,1,0,0,0,25,7,0.03,0.04,0.03,0.03,0.82,0.06,0.05,111,186,0.93,0.06,0.03,0.07,0.05,0.03,0.04,0.0
20,tcp,ftp_data,SF,2630,2400,0,0,0,2,0,0,0,0,0,0,0,0,1,0,0,0,5,22,0.01,0.04,0.02,0.01,0.82,0.07,0.08,181,114,0.89,0.03,0.05,0.02,0.02,0.01,0.03,0.04
93,tcp,ftp_data,SF,2954,3207,0,0,0,2,0,1,0,0,0,0,0,0,1,0,0,0,17,29,0.02,0.01,0.05,0.02,0.9,0.04,0.01,180,111,0.94,0.01,0.01,0.08,0.02,0.01,0.01,0.04
31,tcp,smtp,SF,3968,3128,0,0,0,0,0,1,0,0,0,0,0,0,3,0,0,0,31,8,0.02,0.04,0.04,0.02,0.8,0.07,0.08,182,206,1.0,0.04,0.05,0.03,0.03,0.02,0.03,0.04
76,tcp,http,SF,1086,2799,0,0,0,0,0,0,0,0,0,0,1,0,2,0,0,0,7,40,0.02,0.05,0.01,0.01,0.94,0.08,0.06,209,178,0.81,0.08,0.02,0.04,0.02,0.05,0.03,0.04
97,tcp,http,SF,4924,995,0,0,0,2,0,0,0,0,0,0,0,0,2,0,0,0,20,48,0.02,0.0,0.02,0.02,0.85,0.05,0.01,202,218,0.99,0.07,0.08,0.03,0.03,0.01,0.0,0.02
6,tcp,http,SF,516,4787,0,0,0,0,0,0,0,0,0,0,2,0,1,0,0,0,27,8,0.03,0.02,0.03,0.04,0.82,0.02,0.04,155,125,0.83,0.03,0.04,0.04,0.01,0.04,0.02,0.0
58,tcp,http,SF,4472,7859,0,0,0,0,0,1,0,0,0,0,1,0,1,0,0,0,36,48,0.03,0.02,0.03,0.0,0.94,0.05,0.05,180,239,0.92,0.06,0.08,0.02,0.05,0.02,0.04,0.01
88,udp,https,SF,489,4657,0,0,0,0,0,0,0,0,0,0,0,0,2,0,0,0,7,44,0.0,0.02,0.01,0.05,1.0,0.01,0.09,179,244,0.98,0.06,0.04,0.02,0.0,0.03,0.04,0.01
30,tcp,smtp,SF,4271,4861,0,0,0,1,0,1,0,0,0,0,1,0,0,0,0,0,35,29,0.05,0.04,0.04,0.02,0.96,0.08,0.06,203,183,0.8,0.02,0.02,0.03,0.02,0.0,0.04,0.01
20,tcp,ftp_data,SF,4088,6238,0,0,0,2,0,0,0,0,0,0,0,0,1,0,0,0,47,45,0.0,0.02,0.01,0.02,0.83,0.06,0.09,197,203,0.94,0.01,0.06,0.06,0.04,0.01,0.02,0.02
25,udp,http,SF,3838,4059,0,0,0,0,0,1,0,0,0,0,2,0,2,0,0,0,37,41,0.02,0.04,0.0,0.02,0.91,0.02,0.05,230,139,0.92,0.04,0.02,0.05,0.03,0.03,0.02,0.03
21,tcp,http,SF,1294,7809,0,0,0,0,0,1,0,0,0,0,2,0,0,0,0,0,7,8,0.04,0.02,0.03,0.04,0.99,0.06,0.08,105,122,0.93,0.09,0.05,0.01,0.03,0.02,0.0,0.04
6,udp,https,SF,3358,5227,0,0,0,1,0,0,0,0,0,0,0,0,2,0,0,0,46,18,0.04,0.03,0.02,0.02,0.83,0.06,0.04,184,136,0.99,0.1,0.03,0.08,0.05,0.02,0.01,0.05
22,tcp,http,SF,1061,3429,0,0,0,1,0,0,0,0,0,0,0,0,1,0,0,0,28,40,0.02,0.04,0.02,0.03,0.84,0.07,0.03,151,213,0.88,0.07,0.03,0.07,0.0,0.03,0.03,0.02
17,udp,https,SF,3321,1720,0,0,0,1,0,1,0,0,0,0,1,0,1,0,0,0,18,36,0.04,0.03,0.01,0.01,0.93,0.08,0.01,224,125,0.89,0.08,0.04,0.05,0.02,0.02,0.02,0.01
60,udp,https,SF,2328,6443,0,0,0,0,0,1,0,0,0,0,0,0,0,0,0,0,37,34,0.02,0.01,0.04,0.02,0.92,0.06,0.03,242,246,0.92,0.06,0.05,0.06,0.0,0.02,0.02,0.02
46,tcp,https,SF,1350,5993,0,0,0,0,0,1,0,0,0,0,2,0,3,0,0,0,17,3,0.02,0.01,0.0,0.03,0.8,0.07,0.06,100,169,0.95,0.03,0.02,0.03,0.02,0.04,0.03,0.04
16,udp,https,SF,3736,6084,0,0,0,1,0,0,0,0,0,0,0,0,1,0,0,0,37,20,0.02,0.02,0.03,0.02,0.9,0.03,0.03,198,146,0.95,0.1,0.02,0.0,0.04,0.03,0.04,0.01
51,udp,https,SF,2294,157,0,0,0,2,0,0,0,0,0,0,0,0,3,0,0,0,4,48,0.04,0.04,0.01,0.02,0.97,0.06,0.04,201,112,0.86,0.1,0.03,0.05,0.05,0.03,0.05,0.03
54,tcp,ftp_data,SF,2304,4528,0,0,0,1,0,0,0,0,0,0,0,0,1,0,0,0,10,25,0.02,0.05,0.03,0.03,0.89,0.05,0.0,198,114,0.87,0.01,0.06,0.05,0.05,0.01,0.01,0.0
40,udp,smtp,SF,762,2221,0,0,0,1,0,1,0,0,0,0,0,0,0,0,0,0,28,13,0.04,0.01,0.04,0.04,0.96,0.0,0.06,234,240,0.95,0.01,0.0,0.05,0.03,0.03,0.02,0.02
92,tcp,https,SF,3573,5764,0,0,0,0,0,0,0,0,0,0,2,0,3,0,0,0,17,45,0.04,0.01,0.0,0.01,0.97,0.06,0.04,141,116,0.91,0.07,0.1,0.07,0.02,0.0,0.03,0.01
76,tcp,http,SF,3566,4615,0,0,0,2,0,0,0,0,0,0,0,0,0,0,0,0,10,26,0.0,0.03,0.04,0.01,0.95,0.1,0.06,229,246,0.86,0.03,0.03,0.05,0.01,0.03,0.03,0.04
43,udp,ftp_data,SF,2608,2208,0,0,0,1,0,1,0,0,0,0,0,0,1,0,0,0,32,44,0.0,0.04,0.01,0.03,0.83,0.08,0.01,149,233,0.97,0.07,0.05,0.09,0.04,0.04,0.02,0.0
72,udp,https,SF,2658,4602,0,0,0,0,0,1,0,0,0,0,0,0,1,0,0,0,44,11,0.01,0.0,0.01,0.01,0.83,0.06,0.02,186,173,0.94,0.01,0.04,0.04,0.0,0.05,0.01,0.03
77,udp,ftp_data,SF,328,5009,0,0,0,1,0,1,0,0,0,0,0,0,2,0,0,0,22,17,0.0,0.03,0.04,0.03,0.86,0.07,0.06,128,174,0.93,0.05,0.0,0.09,0.05,0.0,0.0,0.02
20,tcp,smtp,SF,800,7588,0,0,0,0,0,0,0,0,0,0,0,0,1,0,0,0,21,33,0.03,0.03,0.04,0.04,0.84,0.1,0.04,111,131,0.94,0.05,0.1,0.03,0.03,0.03,0.03,0.02
85,tcp,smtp,SF,2930,6772,0,0,0,0,0,1,0,0,0,0,1,0,0,0,0,0,13,25,0.02,0.02,0.05,0.01,0.97,0.06,0.02,181,188,0.96,0.01,0.07,0.02,0.0,0.02,0.03,0.01
87,tcp,smtp,SF,3850,1232,0,0,0,2,0,0,0,0,0,0,1,0,2,0,0,0,27,30,0.03,0.03,0.05,0.0,0.83,0.07,0.05,243,252,0.94,0.02,0.05,0.02,0.05,0.04,0.02,0.04
0,tcp,http,SF,4482,5660,0,0,0,0,0,0,0,0,0,0,0,0,0,0,0,0,17,31,0.01,0.01,0.02,0.05,0.92,0.0,0.1,154,214,0.91,0.09,0.02,0.1,0.03,0.02,0.04,0.04
97,tcp,https,SF,3503,6248,0,0,0,1,0,0,0,0,0,0,2,0,0,0,0,0,34,12,0.02,0.04,0.05,0.04,0.95,0.01,0.1,117,114,0.85,0.09,0.07,0.06,0.03,0.03,0.05,0.02
81,tcp,ftp_data,SF,1266,7557,0,0,0,1,0,0,0,0,0,0,0,0,1,0,0,0,36,9,0.05,0.04,0.03,0.04,0.93,0.08,0.05,131,202,0.92,0.08,0.02,0.02,0.01,0.03,0.05,0.03
82,tcp,https,SF,628,4910,0,0,0,1,0,0,0,0,0,0,0,0,0,0,0,0,34,37,0.04,0.02,0.02,0.01,0.8,0.08,0.02,173,252,0.85,0.05,0.05,0.1,0.02,0.02,0.02,0.01
61,udp,ftp_data,SF,4874,6165,0,0,0,0,0,0,0,0,0,0,2,0,3,0,0,0,43,37,0.0,0.03,0.04,0.02,0.96,0.06,0.05,198,211,0.81,0.08,0.06,0.02,0.03,0.01,0.03,0.02
25,tcp,https,SF,1530,6896,0,0,0,1,0,1,0,0,0,0,2,0,1,0,0,0,38,33,0.04,0.0,0.04,0.04,0.92,0.09,0.08,194,114,0.87,0.07,0.02,0.05,0.02,0.01,0.03,0.05
42,udp,ftp_data,SF,2218,5370,0,0,0,2,0,0,0,0,0,0,1,0,0,0,0,0,42,20,0.0,0.03,0.04,0.01,0.91,0.04,0.1,122,120,0.85,0.04,0.03,0.0,0.02,0.03,0.02,0.04
77,udp,ftp_data,SF,4269,3203,0,0,0,1,0,0,0,0,0,0,0,0,1,0,0,0,6,48,0.02,0.0,0.01,0.03,0.89,0.01,0.07,113,108,0.87,0.07,0.08,0.08,0.02,0.01,0.04,0.04
60,udp,ftp_data,SF,3149,4757,0,0,0,0,0,0,0,0,0,0,0,0,2,0,0,0,15,37,0.03,0.02,0.04,0.01,0.91,0.02,0.06,149,195,0.98,0.02,0.01,0.01,0.02,0.02,0.04,0.03
51,udp,ftp_data,SF,291,3422,0,0,0,1,0,1,0,0,0,0,1,0,0,0,0,0,20,47,0.0,0.01,0.01,0.01,0.87,0.0,0.03,211,181,0.88,0.09,0.03,0.06,0.01,0.03,0.02,0.04
15,udp,ftp_data,SF,2162,4670,0,0,0,0,0,0,0,0,0,0,0,0,0,0,0,0,19,42,0.03,0.02,0.02,0.02,0.89,0.08,0.03,166,227,0.81,0.02,0.09,0.06,0.03,0.02,0.0,0.01
46,tcp,http,SF,2753,2684,0,0,0,0,0,1,0,0,0,0,2,0,0,0,0,0,9,10,0.03,0.04,0.01,0.02,0.84,0.05,0.1,106,168,0.97,0.09,0.1,0.05,0.03,0.05,0.0,0.01
66,udp,ftp_data,SF,4025,7878,0,0,0,1,0,0,0,0,0,0,1,0,1,0,0,0,44,40,0.03,0.02,0.03,0.02,0.93,0.01,0.1,177,129,0.85,0.07,0.08,0.09,0.03,0.05,0.02,0.01
79,udp,https,SF,2756,7454,0,0,0,1,0,0,0,0,0,0,1,0,1,0,0,0,23,40,0.05,0.04,0.01,0.03,0.9,0.0,0.06,244,225,0.91,0.0,0.06,0.05,0.04,0.04,0.03,0.02
47,udp,http,SF,478,962,0,0,0,2,0,0,0,0,0,0,2,0,1,0,0,0,10,32,0.01,0.01,0.03,0.04,0.83,0.06,0.09,255,101,0.94,0.09,0.05,0.07,0.04,0.03,0.01,0.04
81,tcp,https,SF,4446,3370,0,0,0,2,0,1,0,0,0,0,2,0,3,0,0,0,50,43,0.0,0.02,0.04,0.04,0.81,0.08,0.06,224,228,0.86,0.06,0.02,0.05,0.04,0.03,0.03,0.01
25,udp,ftp_data,SF,1235,1797,0,0,0,2,0,0,0,0,0,0,0,0,2,0,0,0,23,12,0.0,0.02,0.03,0.03,0.93,0.02,0.01,143,198,0.86,0.06,0.04,0.04,0.02,0.03,0.03,0.04
59,tcp,smtp,SF,3965,2862,0,0,0,2,0,1,0,0,0,0,1,0,1,0,0,0,21,16,0.04,0.03,0.04,0.03,0.93,0.04,0.05,100,184,0.93,0.06,0.09,0.1,0.03,0.03,0.04,0.0
96,udp,https,SF,4462,3083,0,0,0,0,0,0,0,0,0,0,1,0,3,0,0,0,46,33,0.02,0.02,0.02,0.0,0.81,0.06,0.04,239,114,0.82,0.06,0.03,0.03,0.02,0.03,0.04,0.02
5,tcp,smtp,SF,2868,4949,0,0,0,0,0,0,0,0,0,0,2,0,3,0,0,0,20,25,0.02,0.02,0.02,0.01,0.93,0.04,0.08,218,145,0.98,0.03,0.06,0.08,0.03,0.01,0.03,0.01
42,tcp,ftp_data,SF,838,7281,0,0,0,1,0,1,0,0,0,0,1,0,3,0,0,0,6,10,0.05,0.03,0.03,0.03,0.81,0.09,0.07,212,238,0.88,0.1,0.08,0.01,0.04,0.01,0.02,0.03
34,udp,smtp,SF,2657,4267,0,0,0,1,0,1,0,0,0,0,1,0,0,0,0,0,39,42,0.0,0.01,0.04,0.03,0.81,0.05,0.1,191,160,0.83,0.04,0.06,0.04,0.04,0.01,0.05,0.02
85,tcp,ftp_data,SF,3650,5943,0,0,0,2,0,0,0,0,0,0,2,0,1,0,0,0,13,36,0.04,0.04,0.01,0.02,0.91,0.0,0.06,173,198,0.9,0.07,0.01,0.03,0.01,0.04,0.01,0.04
66,tcp,ftp_data,SF,3925,7493,0,0,0,2,0,1,0,0,0,0,0,0,3,0,0,0,18,27,0.02,0.02,0.02,0.05,0.84,0.07,0.03,101,164,0.81,0.03,0.07,0.01,0.01,0.02,0.01,0.04
84,tcp,http,SF,2405,6922,0,0,0,1,0,0,0,0,0,0,0,0,3,0,0,0,6,41,0.04,0.0,0.0,0.02,0.96,0.09,0.09,208,216,0.93,0.02,0.08,0.08,0.03,0.01,0.01,0.03
13,tcp,http,SF,1329,3617,0,0,0,1,0,1,0,0,0,0,0,0,3,0,0,0,13,1,0.01,0.02,0.03,0.01,1.0,0.09,0.02,193,192,0.9,0.03,0.04,0.04,0.02,0.01,0.01,0.02
58,udp,ftp_data,SF,2588,2253,0,0,0,2,0,1,0,0,0,0,1,0,0,0,0,0,16,13,0.02,0.02,0.03,0.02,0.88,0.07,0.01,165,185,0.94,0.02,0.05,0.04,0.02,0.05,0.04,0.02
53,tcp,https,SF,3988,7545,0,0,0,0,0,1,0,0,0,0,0,0,1,0,0,0,12,27,0.05,0.03,0.04,0.05,0.9,0.03,0.03,150,215,0.89,0.08,0.03,0.02,0.0,0.02,0.04,0.02
22,tcp,http,SF,3663,6636,0,0,0,0,0,1,0,0,0,0,0,0,1,0,0,0,19,4,0.05,0.0,0.05,0.01,0.81,0.06,0.02,252,241,0.8,0.07,0.01,0.06,0.04,0.04,0.03,0.04
68,udp,http,SF,1651,5351,0,0,0,0,0,1,0,0,0,0,1,0,3,0,0,0,12,49,0.0,0.02,0.02,0.03,0.92,0.1,0.04,255,149,0.86,0.09,0.09,0.03,0.02,0.04,0.02,0.05
38,udp,ftp_data,SF,3941,6874,0,0,0,2,0,1,0,0,0,0,2,0,0,0,0,0,49,28,0.03,0.02,0.03,0.05,0.98,0.09,0.09,129,218,0.97,0.04,0.08,0.1,0.04,0.01,0.02,0.01
83,udp,ftp_data,SF,1214,4898,0,0,0,0,0,1,0,0,0,0,2,0,3,0,0,0,30,16,0.01,0.02,0.0,0.04,0.93,0.07,0.02,147,254,0.94,0.07,0.01,0.07,0.01,0.05,0.02,0.02
91,udp,ftp_data,SF,2392,4148,0,0,0,1,0,0,0,0,0,0,2,0,3,0,0,0,38,1,0.01,0.01,0.0,0.05,0.87,0.08,0.07,173,225,0.83,0.05,0.04,0.09,0.04,0.0,0.02,0.0
84,udp,http,SF,2656,2293,0,0,0,2,0,1,0,0,0,0,1,0,1,0,0,0,33,34,0.04,0.02,0.01,0.0,0.81,0.0,0.01,184,197,0.96,0.06,0.05,0.03,0.05,0.01,0.02,0.01
86,tcp,http,SF,806,1482,0,0,0,2,0,1,0,0,0,0,1,0,3,0,0,0,30,50,0.0,0.0,0.03,0.02,0.96,0.07,0.08,163,131,0.82,0.03,0.05,0.05,0.05,0.01,0.03,0.04
88,udp,ftp_data,SF,1028,4200,0,0,0,1,0,1,0,0,0,0,2,0,3,0,0,0,28,6,0.03,0.03,0.02,0.04,0.94,0.09,0.06,209,155,0.87,0.04,0.01,0.08,0.04,0.03,0.03,0.03
22,udp,http,SF,2136,2768,0,0,0,0,0,0,0,0,0,0,0,0,1,0,0,0,21,45,0.02,0.04,0.04,0.0,0.92,0.06,0.03,151,153,0.88,0.09,0.05,0.01,0.01,0.04,0.03,0.04
77,tcp,http,SF,2110,1474,0,0,0,2,0,0,0,0,0,0,0,0,2,0,0,0,35,17,0.05,0.03,0.0,0.01,0.92,0.06,0.01,124,176,0.98,0.04,0.06,0.02,0.03,0.02,0.04,0.04
40,tcp,smtp,SF,2729,651,0,0,0,2,0,1,0,0,0,0,0,0,1,0,0,0,2,18,0.02,0.0,0.02,0.02,0.99,0.02,0.03,166,105,0.87,0.09,0.1,0.01,0.02,0.04,0.05,0.02
93,tcp,ftp_data,SF,341,4193,0,0,0,2,0,0,0,0,0,0,0,0,3,0,0,0,43,28,0.01,0.04,0.05,0.04,0.89,0.08,0.1,120,138,0.83,0.02,0.03,0.05,0.04,0.0,0.02,0.01
19,udp,smtp,SF,4042,6332,0,0,0,1,0,0,0,0,0,0,2,0,2,0,0,0,39,43,0.02,0.03,0.05,0.02,0.86,0.05,0.01,247,122,0.81,0.05,0.03,0.01,0.03,0.0,0.04,0.03
6,udp,http,SF,4788,112,0,0,0,1,0,1,0,0,0,0,1,0,1,0,0,0,30,45,0.02,0.0,0.03,0.03,0.9,0.09,0.01,140,168,0.98,0.09,0.09,0.02,0.02,0.04,0.02,0.03
81,udp,ftp_data,SF,3424,6234,0,0,0,1,0,1,0,0,0,0,2,0,1,0,0,0,16,50,0.02,0.04,0.01,0.05,0.86,0.02,0.05,103,152,0.84,0.02,0.03,0.1,0.02,0.04,0.0,0.05
11,tcp,http,SF,4729,873,0,0,0,2,0,0,0,0,0,0,0,0,0,0,0,0,28,25,0.01,0.02,0.03,0.0,0.84,0.06,0.06,178,138,0.8,0.07,0.02,0.02,0.03,0.02,0.04,0.01
90,udp,http,SF,2972,2285,0,0,0,0,0,1,0,0,0,0,2,0,2,0,0,0,45,14,0.03,0.02,0.01,0.01,0.88,0.06,0.07,178,166,0.85,0.02,0.01,0.06,0.03,0.02,0.04,0.01
83,udp,https,SF,4148,7610,0,0,0,1,0,1,0,0,0,0,0,0,3,0,0,0,40,17,0.04,0.01,0.04,0.05,0.91,0.08,0.06,182,113,0.89,0.08,0.07,0.02,0.04,0.02,0.01,0.02
18,tcp,http,SF,4172,6686,0,0,0,1,0,0,0,0,0,0,0,0,0,0,0,0,16,2,0.04,0.04,0.0,0.03,0.87,0.1,0.07,133,212,0.98,0.03,0.01,0.02,0.05,0.05,0.0,0.01
27,udp,https,SF,2965,6793,0,0,0,2,0,0,0,0,0,0,0,0,0,0,0,0,27,18,0.03,0.04,0.02,0.05,0.84,0.01,0.02,220,164,0.99,0.09,0.04,0.07,0.03,0.04,0.01,0.0
52,udp,smtp,SF,3978,7535,0,0,0,0,0,1,0,0,0,0,1,0,0,0,0,0,18,8,0.03,0.02,0.03,0.01,0.86,0.07,0.03,237,211,0.91,0.04,0.04,0.08,0.02,0.01,0.02,0.04
93,udp,http,SF,122,3453,0,0,0,2,0,1,0,0,0,0,1,0,2,0,0,0,14,21,0.04,0.03,0.04,0.0,0.84,0.08,0.04,249,200,0.84,0.01,0.04,0.07,0.04,0.01,0.01,0.0
99,udp,ftp_data,SF,553,413,0,0,0,2,0,1,0,0,0,0,0,0,3,0,0,0,33,39,0.04,0.03,0.01,0.04,0.95,0.05,0.07,113,219,0.83,0.01,0.03,0.0,0.03,0.04,0.04,0.03
54,tcp,smtp,SF,2352,6078,0,0,0,0,0,1,0,0,0,0,0,0,1,0,0,0,48,42,0.02,0.05,0.01,0.03,0.92,0.05,0.04,178,172,0.94,0.02,0.05,0.09,0.03,0.05,0.01,0.02
58,udp,ftp_data,SF,3271,818,0,0,0,0,0,0,0,0,0,0,2,0,0,0,0,0,36,39,0.01,0.02,0.01,0.0,0.83,0.08,0.05,238,171,0.81,0.02,0.1,0.09,0.04,0.02,0.04,0.04
30,tcp,smtp,SF,1488,3960,0,0,0,0,0,1,0,0,0,0,2,0,2,0,0,0,10,8,0.01,0.0,0.03,0.04,0.81,0.08,0.07,188,172,0.93,0.05,0.08,0.04,0.02,0.04,0.05,0.0
65,udp,https,SF,687,6786,0,0,0,2,0,0,0,0,0,0,2,0,3,0,0,0,44,50,0.01,0.02,0.01,0.02,0.85,0.04,0.04,149,195,0.92,0.09,0.0,0.07,0.04,0.02,0.03,0.02
31,udp,http,SF,1143,3429,0,0,0,1,0,1,0,0,0,0,2,0,2,0,0,0,42,37,0.03,0.04,0.04,0.04,0.91,0.04,0.08,229,152,0.84,0.03,0.09,0.09,0.04,0.03,0.03,0.04
1,tcp,ftp_data,SF,4900,4469,0,0,0,0,0,1,0,0,0,0,1,0,1,0,0,0,49,8,0.02,0.05,0.05,0.01,0.86,0.02,0.02,182,133,0.89,0.09,0.03,0.06,0.03,0.02,0.02,0.05
33,udp,http,SF,3729,4229,0,0,0,2,0,1,0,0,0,0,1,0,2,0,0,0,24,27,0.03,0.04,0.03,0.0,0.84,0.07,0.02,235,207,0.94,0.05,0.04,0.01,0.02,0.01,0.01,0.05
8,udp,smtp,SF,1343,3680,0,0,0,2,0,0,0,0,0,0,1,0,1,0,0,0,43,22,0.05,0.04,0.0,0.04,0.84,0.09,0.06,198,126,0.85,0.02,0.04,0.03,0.03,0.0,0.04,0.02
89,tcp,https,SF,2474,4585,0,0,0,0,0,1,0,0,0,0,2,0,0,0,0,0,13,13,0.03,0.05,0.02,0.03,0.89,0.03,0.05,168,230,0.88,0.07,0.02,0.06,0.02,0.02,0.03,0.04
87,tcp,ftp_data,SF,2612,6390,0,0,0,0,0,0,0,0,0,0,1,0,2,0,0,0,22,24,0.04,0.05,0.02,0.03,0.9,0.09,0.08,171,124,0.91,0.07,0.09,0.04,0.04,0.03,0.01,0.02
36,tcp,ftp_data,SF,3964,1756,0,0,0,0,0,0,0,0,0,0,0,0,3,0,0,0,26,40,0.04,0.05,0.01,0.02,0.88,0.07,0.0,140,209,0.94,0.06,0.08,0.1,0.03,0.0,0.02,0.04
87,tcp,https,SF,4994,7288,0,0,0,1,0,0,0,0,0,0,1,0,0,0,0,0,11,46,0.03,0.02,0.02,0.04,0.81,0.04,0.1,194,228,0.98,0.1,0.09,0.0,0.02,0.02,0.04,0.01
1,udp,https,SF,4718,618,0,0,0,1,0,0,0,0,0,0,1,0,1,0,0,0,34,41,0.01,0.05,0.02,0.02,0.88,0.05,0.06,194,173,0.98,0.01,0.07,0.04,0.03,0.0,0.05,0.01
7,tcp,smtp,SF,2143,7809,0,0,0,1,0,1,0,0,0,0,1,0,2,0,0,0,12,15,0.04,0.01,0.0,0.01,0.99,0.07,0.01,101,156,0.84,0.08,0.04,0.01,0.0,0.03,0.01,0.0
99,tcp,ftp_data,SF,1349,5254,0,0,0,2,0,1,0,0,0,0,2,0,2,0,0,0,11,18,0.0,0.04,0.03,0.03,0.96,0.02,0.0,228,105,0.93,0.08,0.01,0.04,0.01,0.0,0.04,0.0
70,udp,https,SF,4204,618,0,0,0,0,0,1,0,0,0,0,1,0,3,0,0,0,14,49,0.0,0.0,0.04,0.0,0.99,0.1,0.01,118,138,0.87,0.09,0.09,0.01,0.04,0.01,0.03,0.02
50,udp,ftp_data,SF,2258,5946,0,0,0,2,0,1,0,0,0,0,0,0,2,0,0,0,41,31,0.02,0.05,0.01,0.04,0.95,0.03,0.02,104,148,0.98,0.09,0.05,0.1,0.01,0.0,0.02,0.01
18,tcp,ftp_data,SF,2796,4949,0,0,0,0,0,0,0,0,0,0,1,0,2,0,0,0,49,47,0.03,0.01,0.05,0.03,0.87,0.09,0.06,149,235,0.95,0.05,0.04,0.04,0.01,0.04,0.02,0.01
88,udp,https,SF,543,4443,0,0,0,1,0,0,0,0,0,0,1,0,0,0,0,0,19,46,0.01,0.03,0.02,0.0,0.84,0.09,0.05,129,110,0.83,0.04,0.09,0.04,0.02,0.04,0.05,0.0
39,udp,ftp_data,SF,2205,3462,0,0,0,1,0,1,0,0,0,0,0,0,0,0,0,0,47,47,0.03,0.04,0.04,0.03,0.88,0.09,0.03,134,168,0.87,0.01,0.05,0.02,0.0,0.02,0.0,0.01
18,udp,https,SF,2482,5452,0,0,0,1,0,0,0,0,0,0,0,0,1,0,0,0,16,20,0.02,0.04,0.04,0.04,1.0,0.01,0.04,245,204,0.95,0.05,0.07,0.01,0.03,0.03,0.02,0.04
